// Jest Snapshot v1, https://goo.gl/fbAQLP

exports[`custom blocks 1`] = `
"<template>  
  <div></div>
</template>

<script>
export default {};
</script>

<foo>this is a custom block</foo>"
`;
